
================================================================================
INCREMENTAL LOAD DETECTION TESTS
Test data root: S:\internship\ingestion\RBI-data\ingestion_ready\to_ingest\new_table_grouped
================================================================================
  Building IDF corpus from all CSVs...
  Corpus: 110 tables, 175 unique columns

================================================================================
TEST 1: True Positive -- Same-Schema Files
================================================================================
  Cols A: ['balance sheet items', 'balance sheet items_level1', 'balance sheet items_level2', 'balance sheet items_level3', 'element', 'reference time', 'unit', 'value in actuals', 'year']
  Cols B: ['balance sheet items', 'balance sheet items_level1', 'balance sheet items_level2', 'balance sheet items_level3', 'element', 'reference time', 'unit', 'value in actuals', 'year']
  IDF-weighted overlap: 1.000
  [PASS] same_schema:balance_sheet/Corporate_Sector_Finances_of_F vs Corporate_Sector_Non-Governmen
  Cols A: ['company count', 'element', 'industry wise classification', 'industry wise classification_level1', 'reference time', 'types of financial ratios', 'types of financial ratios_level1', 'unit', 'value in actuals', 'year']
  Cols B: ['company count', 'element', 'industry wise classification', 'industry wise classification_level1', 'reference time', 'types of financial ratios', 'types of financial ratios_level1', 'unit', 'value in actuals', 'year']
  IDF-weighted overlap: 1.000
  [PASS] same_schema:financial_ratios/Corporate_Sector_Non-Governmen vs Corporate_Sector_Non-Governmen
  Cols A: ['company count', 'element', 'industry wise classification', 'industry wise classification_level1', 'items', 'reference time', 'unit', 'value in actuals', 'year']
  Cols B: ['company count', 'element', 'industry wise classification', 'industry wise classification_level1', 'items', 'reference time', 'unit', 'value in actuals', 'year']
  IDF-weighted overlap: 1.000
  [PASS] same_schema:growth_rate_indicators/Corporate_Sector_Non-Governmen vs Corporate_Sector_Non-Governmen

================================================================================
TEST 2: False Negative Guard -- Different-Schema Same-Domain
================================================================================
  Cols A (9): ['balance sheet items', 'balance sheet items_level1', 'balance sheet items_level2', 'balance sheet items_level3', 'element', 'reference time']...
  Cols B (8): ['balance sheet items', 'balance sheet items_level1', 'balance sheet items_level2', 'element', 'reference time', 'unit']...
  IDF-weighted overlap: 0.797
  [PASS] diff_schema:balance_sheet/Corporate_Sector_Finances vs Corporate_Sector_Non-Gove (borderline - LLM guard expected)
    INFO: score 0.797 is above threshold but below 0.9
    -> LLM semantic verification will reject this in real pipeline
  Cols A (9): ['company count', 'element', 'industry wise classification', 'reference time', 'types of financial ratios', 'types of financial ratios_level1']...
  Cols B (9): ['company count', 'country', 'element', 'reference time', 'types of financial ratios', 'types of financial ratios_level1']...
  IDF-weighted overlap: 0.830
  [PASS] diff_schema:financial_ratios/Corporate__Sector_Finance vs Corporate_Sector_Finances (borderline - LLM guard expected)
    INFO: score 0.830 is above threshold but below 0.9
    -> LLM semantic verification will reject this in real pipeline
  Cols A (8): ['company count', 'element', 'industry type', 'items', 'reference time', 'unit']...
  Cols B (9): ['company count', 'element', 'industry wise classification', 'industry wise classification_level1', 'items', 'reference time']...
  IDF-weighted overlap: 0.725
  [PASS] diff_schema:growth_rate_indicators/Corporate_Sector_Finances vs Corporate_Sector_Non-Gove (borderline - LLM guard expected)
    INFO: score 0.725 is above threshold but below 0.9
    -> LLM semantic verification will reject this in real pipeline
  Cols A (7): ['base period', 'element', 'types of indexes', 'types of indexes_level1', 'unit', 'value in actuals']...
  Cols B (9): ['base period', 'currency basket', 'element', 'type of average', 'type of rate', 'type of trade weights']...
  IDF-weighted overlap: 0.409
  [PASS] diff_schema:external_sector_indices/External_Sector_External_ vs External_Sector_External_
  Cols A (6): ['category of external assistance', 'category of external assistance_level1', 'element', 'unit', 'value in actuals', 'year']
  Cols B (9): ['element', 'investment category(inflows)', 'investment category(inflows)_level1', 'investment category(inflows)_level2', 'investment category(inflows)_level3', 'investment category(old items - inflows)']...
  IDF-weighted overlap: 0.261
  [PASS] diff_schema:international_finance/External_Sector_Internati vs External_Sector_Internati

================================================================================
TEST 3: Cross-Domain Guard
================================================================================
  Domain A (corporate): ['balance sheet items', 'balance sheet items_level1', 'balance sheet items_level2', 'balance sheet items_level3', 'element']...
  Domain B (external_sector): ['element', 'external debt indicator', 'type of external debt', 'unit', 'value in actuals']...
  IDF-weighted overlap: 0.177
  [PASS] cross_domain:corporate vs external_sector
  Domain A (external_sector): ['element', 'external debt indicator', 'type of external debt', 'unit', 'value in actuals']...
  Domain B (financial_markets): ['element', 'unit', 'value in actuals', 'year']...
  IDF-weighted overlap: 0.261
  [PASS] cross_domain:external_sector vs financial_markets
  Domain A (financial_markets): ['element', 'unit', 'value in actuals', 'year']...
  Domain B (financial_sector): ['components of money stock', 'element', 'measure', 'sources of money stock', 'unit']...
  IDF-weighted overlap: 1.000
  [PASS] cross_domain:financial_markets vs financial_sector (tiny column set - LLM guard expected)
    INFO: one file has only 4 columns (all generic)
    -> LLM semantic verification will reject this in real pipeline
  Domain A (financial_sector): ['components of money stock', 'element', 'measure', 'sources of money stock', 'unit']...
  Domain B (public_finance): ['element', 'type of government expenditures', 'unit', 'value in actuals', 'year']...
  IDF-weighted overlap: 0.216
  [PASS] cross_domain:financial_sector vs public_finance
  Domain A (public_finance): ['element', 'type of government expenditures', 'unit', 'value in actuals', 'year']...
  Domain B (real_sector): ['agriculture observation type', 'base period', 'base weight', 'classification of crops', 'element']...
  IDF-weighted overlap: 0.413
  [PASS] cross_domain:public_finance vs real_sector

================================================================================
TEST 4: IDF Weighting -- Generic Columns Get Lower Weight
================================================================================
  Total columns across 110 tables: 175

  Lowest IDF (most generic -- appear in many tables):
    value in actuals                         IDF=1.000
    year                                     IDF=1.000
    element                                  IDF=1.000
    unit                                     IDF=1.018
    reference time                           IDF=2.756

  Highest IDF (most discriminative -- appear in few tables):
    different sectors for gdp                IDF=5.700
    sector & number of persons on the live register IDF=5.700
    classification of sector wise gcf        IDF=5.700
    precious metal                           IDF=5.700
    price refrence cities                    IDF=5.700
  [PASS] idf_spread (spread: 1.00 to 5.70)

  Lowest non-zero overlap:  0.133 (Corporate_Sector_Fin vs Corporate_Sector_Fin)
  Highest overlap:          1.000 (Corporate_Sector_Fin vs Corporate_Sector_Non)

================================================================================
TEST 5: Naive vs IDF -- Generic-Only Pairs Score Lower With IDF
================================================================================
  balance_sheet/Corporate_Sector_Fin↔Corporate_Sector_Non
    Naive overlap:       0.889
    IDF-weighted overlap: 0.797
    [OK] IDF reduces score (Δ=0.092)
  financial_ratios/Corporate__Sector_Fi↔Corporate_Sector_Fin
    Naive overlap:       0.889
    IDF-weighted overlap: 0.830
    [OK] IDF reduces score (Δ=0.059)
  growth_rate_indicators/Corporate_Sector_Fin↔Corporate_Sector_Non
    Naive overlap:       0.875
    IDF-weighted overlap: 0.725
    [OK] IDF reduces score (Δ=0.150)
  external_sector_indices/External_Sector_Exte↔External_Sector_Exte
    Naive overlap:       0.714
    IDF-weighted overlap: 0.409
    [OK] IDF reduces score (Δ=0.305)
  international_finance/External_Sector_Inte↔External_Sector_Inte
    Naive overlap:       0.667
    IDF-weighted overlap: 0.261
    [OK] IDF reduces score (Δ=0.406)
  [PASS] naive_vs_idf: IDF consistently reduces false-match scores

================================================================================
RESULTS: 15 passed, 0 failed
================================================================================
